// Jest Snapshot v1, https://goo.gl/fbAQLP

exports[`TopStories with no props matches snapshot 1`] = `
<div>
  <ul
    className="container"
  />
</div>
`;
